// Bun Snapshot v1, https://goo.gl/fbAQLP

exports[`SidebarAuthor renders correctly 1`] = `
{
  "$$typeof": Symbol(react.test.json),
  "children": [
    {
      "$$typeof": Symbol(react.test.json),
      "children": null,
      "props": {
        "aria-current": "page",
        "className": "",
        "href": "/",
        "onClick": [Function],
        "onMouseEnter": [Function],
        "style": {},
      },
      "type": "a",
    },
    {
      "$$typeof": Symbol(react.test.json),
      "children": [
        {
          "$$typeof": Symbol(react.test.json),
          "children": [
            {
              "$$typeof": Symbol(react.test.json),
              "children": [
                "John Doe",
              ],
              "props": {
                "aria-current": "page",
                "className": "",
                "href": "/",
                "onClick": [Function],
                "onMouseEnter": [Function],
                "style": {},
              },
              "type": "a",
            },
          ],
          "props": {
            "className": undefined,
          },
          "type": "h2",
        },
      ],
      "props": {
        "className": undefined,
      },
      "type": "div",
    },
    {
      "$$typeof": Symbol(react.test.json),
      "children": [
        "Pellentesque odio nisi, euismod in, pharetra a, ultricies in, diam. Sed arcu.",
      ],
      "props": {
        "className": undefined,
      },
      "type": "p",
    },
  ],
  "props": {
    "className": undefined,
  },
  "type": "div",
}
`;
