// Bun Snapshot v1, https://goo.gl/fbAQLP

exports[`SidebarMenu renders correctly 1`] = `
{
  "$$typeof": Symbol(react.test.json),
  "children": [
    {
      "$$typeof": Symbol(react.test.json),
      "children": [
        {
          "$$typeof": Symbol(react.test.json),
          "children": [
            {
              "$$typeof": Symbol(react.test.json),
              "children": [
                "Articles",
              ],
              "props": {
                "aria-current": "page",
                "className": "",
                "href": "/",
                "onClick": [Function],
                "onMouseEnter": [Function],
                "style": {},
              },
              "type": "a",
            },
          ],
          "props": {
            "className": undefined,
          },
          "type": "li",
        },
        {
          "$$typeof": Symbol(react.test.json),
          "children": [
            {
              "$$typeof": Symbol(react.test.json),
              "children": [
                "About Me",
              ],
              "props": {
                "aria-current": undefined,
                "className": undefined,
                "href": "/pages/about",
                "onClick": [Function],
                "onMouseEnter": [Function],
              },
              "type": "a",
            },
          ],
          "props": {
            "className": undefined,
          },
          "type": "li",
        },
        {
          "$$typeof": Symbol(react.test.json),
          "children": [
            {
              "$$typeof": Symbol(react.test.json),
              "children": [
                "Contact Me",
              ],
              "props": {
                "aria-current": undefined,
                "className": undefined,
                "href": "/pages/contacts",
                "onClick": [Function],
                "onMouseEnter": [Function],
              },
              "type": "a",
            },
          ],
          "props": {
            "className": undefined,
          },
          "type": "li",
        },
      ],
      "props": {
        "className": undefined,
      },
      "type": "ul",
    },
  ],
  "props": {
    "className": undefined,
  },
  "type": "nav",
}
`;
