// Bun Snapshot v1, https://goo.gl/fbAQLP

exports[`PostContent renders correctly 1`] = `
{
  "$$typeof": Symbol(react.test.json),
  "children": [
    {
      "$$typeof": Symbol(react.test.json),
      "children": [
        "Perfecting the Art of Perfection",
      ],
      "props": {
        "className": undefined,
      },
      "type": "h1",
    },
    {
      "$$typeof": Symbol(react.test.json),
      "children": null,
      "props": {
        "className": undefined,
        "dangerouslySetInnerHTML": {
          "__html": "<p>An Essay on Typography by Eric Gill takes the reader back to the year 1930. The year when a conflict between two worlds came to its term. The machines of the industrial world finally took over the handicrafts.</p>",
        },
      },
      "type": "div",
    },
  ],
  "props": {
    "className": undefined,
  },
  "type": "div",
}
`;
