// Bun Snapshot v1, https://goo.gl/fbAQLP

exports[`Pagination renders correctly 1`] = `
{
  "$$typeof": Symbol(react.test.json),
  "children": [
    {
      "$$typeof": Symbol(react.test.json),
      "children": [
        {
          "$$typeof": Symbol(react.test.json),
          "children": [
            "← PREV",
          ],
          "props": {
            "aria-current": undefined,
            "className": "",
            "href": "/typography/page/1",
            "onClick": [Function],
            "onMouseEnter": [Function],
            "rel": "prev",
          },
          "type": "a",
        },
      ],
      "props": {
        "className": undefined,
      },
      "type": "div",
    },
    {
      "$$typeof": Symbol(react.test.json),
      "children": [
        {
          "$$typeof": Symbol(react.test.json),
          "children": [
            "→ NEXT",
          ],
          "props": {
            "aria-current": undefined,
            "className": "",
            "href": "/typography/page/3",
            "onClick": [Function],
            "onMouseEnter": [Function],
            "rel": "next",
          },
          "type": "a",
        },
      ],
      "props": {
        "className": undefined,
      },
      "type": "div",
    },
  ],
  "props": {
    "className": undefined,
  },
  "type": "div",
}
`;
