// Bun Snapshot v1, https://goo.gl/fbAQLP

exports[`PostTags renders correctly 1`] = `
{
  "$$typeof": Symbol(react.test.json),
  "children": [
    {
      "$$typeof": Symbol(react.test.json),
      "children": [
        {
          "$$typeof": Symbol(react.test.json),
          "children": [
            "Handwriting",
          ],
          "props": {
            "aria-current": undefined,
            "className": "",
            "href": "/handwriting",
            "onClick": [Function],
            "onMouseEnter": [Function],
          },
          "type": "a",
        },
      ],
      "props": {
        "className": undefined,
      },
      "type": "li",
    },
    {
      "$$typeof": Symbol(react.test.json),
      "children": [
        {
          "$$typeof": Symbol(react.test.json),
          "children": [
            "Helvetica",
          ],
          "props": {
            "aria-current": undefined,
            "className": "",
            "href": "/helvetica",
            "onClick": [Function],
            "onMouseEnter": [Function],
          },
          "type": "a",
        },
      ],
      "props": {
        "className": undefined,
      },
      "type": "li",
    },
  ],
  "props": {
    "className": undefined,
  },
  "type": "ul",
}
`;
