// Bun Snapshot v1, https://goo.gl/fbAQLP

exports[`PostFooter renders correctly 1`] = `
{
  "$$typeof": Symbol(react.test.json),
  "children": [
    {
      "$$typeof": Symbol(react.test.json),
      "children": [
        "Published",
        " ",
        "Sep 1, 2016",
      ],
      "props": {
        "className": undefined,
      },
      "type": "p",
    },
  ],
  "props": {
    "className": undefined,
  },
  "type": "div",
}
`;
