// Bun Snapshot v1, https://goo.gl/fbAQLP

exports[`Feed renders correctly 1`] = `
{
  "$$typeof": Symbol(react.test.json),
  "children": [
    {
      "$$typeof": Symbol(react.test.json),
      "children": [
        {
          "$$typeof": Symbol(react.test.json),
          "children": [
            {
              "$$typeof": Symbol(react.test.json),
              "children": [
                "September 2016",
              ],
              "props": {
                "className": undefined,
                "dateTime": "September 1, 2016",
              },
              "type": "time",
            },
            {
              "$$typeof": Symbol(react.test.json),
              "children": null,
              "props": {
                "className": undefined,
              },
              "type": "span",
            },
            {
              "$$typeof": Symbol(react.test.json),
              "children": [
                {
                  "$$typeof": Symbol(react.test.json),
                  "children": [
                    "Typography",
                  ],
                  "props": {
                    "aria-current": undefined,
                    "className": undefined,
                    "href": "/typography",
                    "onClick": [Function],
                    "onMouseEnter": [Function],
                  },
                  "type": "a",
                },
              ],
              "props": {
                "className": undefined,
              },
              "type": "span",
            },
          ],
          "props": {
            "className": undefined,
          },
          "type": "div",
        },
        {
          "$$typeof": Symbol(react.test.json),
          "children": [
            {
              "$$typeof": Symbol(react.test.json),
              "children": [
                "Perfecting the Art of Perfection",
              ],
              "props": {
                "aria-current": undefined,
                "className": undefined,
                "href": "/posts/perfecting-the-art-of-perfection",
                "onClick": [Function],
                "onMouseEnter": [Function],
              },
              "type": "a",
            },
          ],
          "props": {
            "className": undefined,
          },
          "type": "h2",
        },
        {
          "$$typeof": Symbol(react.test.json),
          "children": [
            "An Essay on Typography by Eric Gill takes the reader back to the year 1930. The year when a conflict between two worlds came to its term. The machines of the industrial world finally took over the handicrafts.",
          ],
          "props": {
            "className": undefined,
          },
          "type": "p",
        },
        {
          "$$typeof": Symbol(react.test.json),
          "children": [
            "Read",
          ],
          "props": {
            "aria-current": undefined,
            "className": undefined,
            "href": "/posts/perfecting-the-art-of-perfection",
            "onClick": [Function],
            "onMouseEnter": [Function],
          },
          "type": "a",
        },
      ],
      "props": {
        "className": undefined,
      },
      "type": "div",
    },
    {
      "$$typeof": Symbol(react.test.json),
      "children": [
        {
          "$$typeof": Symbol(react.test.json),
          "children": [
            {
              "$$typeof": Symbol(react.test.json),
              "children": [
                "September 2016",
              ],
              "props": {
                "className": undefined,
                "dateTime": "September 1, 2016",
              },
              "type": "time",
            },
            {
              "$$typeof": Symbol(react.test.json),
              "children": null,
              "props": {
                "className": undefined,
              },
              "type": "span",
            },
            {
              "$$typeof": Symbol(react.test.json),
              "children": [
                {
                  "$$typeof": Symbol(react.test.json),
                  "children": [
                    "Design Inspiration",
                  ],
                  "props": {
                    "aria-current": undefined,
                    "className": undefined,
                    "href": "/design-inspiration",
                    "onClick": [Function],
                    "onMouseEnter": [Function],
                  },
                  "type": "a",
                },
              ],
              "props": {
                "className": undefined,
              },
              "type": "span",
            },
          ],
          "props": {
            "className": undefined,
          },
          "type": "div",
        },
        {
          "$$typeof": Symbol(react.test.json),
          "children": [
            {
              "$$typeof": Symbol(react.test.json),
              "children": [
                "Johannes Gutenberg: The Birth of Movable Type",
              ],
              "props": {
                "aria-current": undefined,
                "className": undefined,
                "href": "/posts/johannes-gutenberg",
                "onClick": [Function],
                "onMouseEnter": [Function],
              },
              "type": "a",
            },
          ],
          "props": {
            "className": undefined,
          },
          "type": "h2",
        },
        {
          "$$typeof": Symbol(react.test.json),
          "children": [
            "German inventor Johannes Gutenberg developed a method of movable type and used it to create one of the western world’s first major printed books, the “Forty–Two–Line” Bible.",
          ],
          "props": {
            "className": undefined,
          },
          "type": "p",
        },
        {
          "$$typeof": Symbol(react.test.json),
          "children": [
            "Read",
          ],
          "props": {
            "aria-current": undefined,
            "className": undefined,
            "href": "/posts/johannes-gutenberg",
            "onClick": [Function],
            "onMouseEnter": [Function],
          },
          "type": "a",
        },
      ],
      "props": {
        "className": undefined,
      },
      "type": "div",
    },
    {
      "$$typeof": Symbol(react.test.json),
      "children": [
        {
          "$$typeof": Symbol(react.test.json),
          "children": [
            {
              "$$typeof": Symbol(react.test.json),
              "children": [
                "September 2017",
              ],
              "props": {
                "className": undefined,
                "dateTime": "September 1, 2017",
              },
              "type": "time",
            },
            {
              "$$typeof": Symbol(react.test.json),
              "children": null,
              "props": {
                "className": undefined,
              },
              "type": "span",
            },
            {
              "$$typeof": Symbol(react.test.json),
              "children": [
                {
                  "$$typeof": Symbol(react.test.json),
                  "children": [
                    "Typography",
                  ],
                  "props": {
                    "aria-current": undefined,
                    "className": undefined,
                    "href": "/typography",
                    "onClick": [Function],
                    "onMouseEnter": [Function],
                  },
                  "type": "a",
                },
              ],
              "props": {
                "className": undefined,
              },
              "type": "span",
            },
          ],
          "props": {
            "className": undefined,
          },
          "type": "div",
        },
        {
          "$$typeof": Symbol(react.test.json),
          "children": [
            {
              "$$typeof": Symbol(react.test.json),
              "children": [
                "Humane Typography in the Digital Age",
              ],
              "props": {
                "aria-current": undefined,
                "className": undefined,
                "href": "/posts/humane-typography-in-the-digital-age",
                "onClick": [Function],
                "onMouseEnter": [Function],
              },
              "type": "a",
            },
          ],
          "props": {
            "className": undefined,
          },
          "type": "h2",
        },
        {
          "$$typeof": Symbol(react.test.json),
          "children": null,
          "props": {
            "className": undefined,
          },
          "type": "p",
        },
        {
          "$$typeof": Symbol(react.test.json),
          "children": [
            "Read",
          ],
          "props": {
            "aria-current": undefined,
            "className": undefined,
            "href": "/posts/humane-typography-in-the-digital-age",
            "onClick": [Function],
            "onMouseEnter": [Function],
          },
          "type": "a",
        },
      ],
      "props": {
        "className": undefined,
      },
      "type": "div",
    },
  ],
  "props": {
    "className": undefined,
  },
  "type": "div",
}
`;
